
🔍 Отримання графіка відключень для адреси:
   м. Дніпро, вул. Конотопська, 169

🌐 Використовую Selenium (справжній браузер) для обходу антибот захисту
🔄 Спроба 1/3 завантаження через Selenium...
🔧 Ініціалізація Chrome WebDriver...
✅ WebDriver успішно ініціалізовано
❌ Помилка при спробі 1: Message: timeout: Timed out receiving message from renderer: -0.040
  (Session info: chrome=143.0.7499.146)
Stacktrace:
#0 0x56203f6059aa <unknown>
#1 0x56203f03a2db <unknown>
#2 0x56203f02237a <unknown>
#3 0x56203f02205d <unknown>
#4 0x56203f01ff20 <unknown>
#5 0x56203f02082f <unknown>
#6 0x56203f02eff0 <unknown>
#7 0x56203f0486a7 <unknown>
#8 0x56203f04ed5b <unknown>
#9 0x56203f020f58 <unknown>
#10 0x56203f04845a <unknown>
#11 0x56203f0d7012 <unknown>
#12 0x56203f07e112 <unknown>
#13 0x56203f07edc1 <unknown>
#14 0x56203f5ce609 <unknown>
#15 0x56203f5d154d <unknown>
#16 0x56203f5b7331 <unknown>
#17 0x56203f5d211b <unknown>
#18 0x56203f59dff0 <unknown>
#19 0x56203f5f2d98 <unknown>
#20 0x56203f5f2f69 <unknown>
#21 0x56203f604d03 <unknown>
#22 0x7ec41209caa4 <unknown>
#23 0x7ec412129c6c <unknown>

🔄 Спроба 2/3 завантаження через Selenium...
⏳ Очікування 6.0с перед наступною спробою...
❌ Помилка при спробі 2: Message: timeout: Timed out receiving message from renderer: -0.039
  (Session info: chrome=143.0.7499.146)
Stacktrace:
#0 0x56203f6059aa <unknown>
#1 0x56203f03a2db <unknown>
#2 0x56203f02237a <unknown>
#3 0x56203f02205d <unknown>
#4 0x56203f01ff20 <unknown>
#5 0x56203f02082f <unknown>
#6 0x56203f02eff0 <unknown>
#7 0x56203f0486a7 <unknown>
#8 0x56203f04ed5b <unknown>
#9 0x56203f020f58 <unknown>
#10 0x56203f04845a <unknown>
#11 0x56203f0d7012 <unknown>
#12 0x56203f07e112 <unknown>
#13 0x56203f07edc1 <unknown>
#14 0x56203f5ce609 <unknown>
#15 0x56203f5d154d <unknown>
#16 0x56203f5b7331 <unknown>
#17 0x56203f5d211b <unknown>
#18 0x56203f59dff0 <unknown>
#19 0x56203f5f2d98 <unknown>
#20 0x56203f5f2f69 <unknown>
#21 0x56203f604d03 <unknown>
#22 0x7ec41209caa4 <unknown>
#23 0x7ec412129c6c <unknown>

🔄 Спроба 3/3 завантаження через Selenium...
⏳ Очікування 9.0с перед наступною спробою...
